max_turns (f.k.a. max_episodes) artificially limited to 60. Consider removing this limit for better task completion.
Trajectory dumped to runs/harbor-v21/athena-slowest-hard-failed7-retry-20260703T025916Z/make-mips-interpreter__Bj9PEXT/agent/trajectory.json
Trajectory dumped to runs/harbor-v21/athena-slowest-hard-failed7-retry-20260703T025916Z/make-mips-interpreter__Bj9PEXT/agent/trajectory.json
Trajectory dumped to runs/harbor-v21/athena-slowest-hard-failed7-retry-20260703T025916Z/make-mips-interpreter__Bj9PEXT/agent/trajectory.json
Trajectory dumped to runs/harbor-v21/athena-slowest-hard-failed7-retry-20260703T025916Z/make-mips-interpreter__Bj9PEXT/agent/trajectory.json
Trajectory dumped to runs/harbor-v21/athena-slowest-hard-failed7-retry-20260703T025916Z/make-mips-interpreter__Bj9PEXT/agent/trajectory.json
Trajectory dumped to runs/harbor-v21/athena-slowest-hard-failed7-retry-20260703T025916Z/make-mips-interpreter__Bj9PEXT/agent/trajectory.json
Trajectory dumped to runs/harbor-v21/athena-slowest-hard-failed7-retry-20260703T025916Z/make-mips-interpreter__Bj9PEXT/agent/trajectory.json
Trajectory dumped to runs/harbor-v21/athena-slowest-hard-failed7-retry-20260703T025916Z/make-mips-interpreter__Bj9PEXT/agent/trajectory.json
Trajectory dumped to runs/harbor-v21/athena-slowest-hard-failed7-retry-20260703T025916Z/make-mips-interpreter__Bj9PEXT/agent/trajectory.json
Trajectory dumped to runs/harbor-v21/athena-slowest-hard-failed7-retry-20260703T025916Z/make-mips-interpreter__Bj9PEXT/agent/trajectory.json
Trajectory dumped to runs/harbor-v21/athena-slowest-hard-failed7-retry-20260703T025916Z/make-mips-interpreter__Bj9PEXT/agent/trajectory.json
Trajectory dumped to runs/harbor-v21/athena-slowest-hard-failed7-retry-20260703T025916Z/make-mips-interpreter__Bj9PEXT/agent/trajectory.json
Trajectory dumped to runs/harbor-v21/athena-slowest-hard-failed7-retry-20260703T025916Z/make-mips-interpreter__Bj9PEXT/agent/trajectory.json
Trajectory dumped to runs/harbor-v21/athena-slowest-hard-failed7-retry-20260703T025916Z/make-mips-interpreter__Bj9PEXT/agent/trajectory.json
Trajectory dumped to runs/harbor-v21/athena-slowest-hard-failed7-retry-20260703T025916Z/make-mips-interpreter__Bj9PEXT/agent/trajectory.json
Trajectory dumped to runs/harbor-v21/athena-slowest-hard-failed7-retry-20260703T025916Z/make-mips-interpreter__Bj9PEXT/agent/trajectory.json
Trajectory dumped to runs/harbor-v21/athena-slowest-hard-failed7-retry-20260703T025916Z/make-mips-interpreter__Bj9PEXT/agent/trajectory.json
Trajectory dumped to runs/harbor-v21/athena-slowest-hard-failed7-retry-20260703T025916Z/make-mips-interpreter__Bj9PEXT/agent/trajectory.json
Trajectory dumped to runs/harbor-v21/athena-slowest-hard-failed7-retry-20260703T025916Z/make-mips-interpreter__Bj9PEXT/agent/trajectory.json
Trajectory dumped to runs/harbor-v21/athena-slowest-hard-failed7-retry-20260703T025916Z/make-mips-interpreter__Bj9PEXT/agent/trajectory.json
Trajectory dumped to runs/harbor-v21/athena-slowest-hard-failed7-retry-20260703T025916Z/make-mips-interpreter__Bj9PEXT/agent/trajectory.json
Trajectory dumped to runs/harbor-v21/athena-slowest-hard-failed7-retry-20260703T025916Z/make-mips-interpreter__Bj9PEXT/agent/trajectory.json
Trajectory dumped to runs/harbor-v21/athena-slowest-hard-failed7-retry-20260703T025916Z/make-mips-interpreter__Bj9PEXT/agent/trajectory.json
Trajectory dumped to runs/harbor-v21/athena-slowest-hard-failed7-retry-20260703T025916Z/make-mips-interpreter__Bj9PEXT/agent/trajectory.json
Trajectory dumped to runs/harbor-v21/athena-slowest-hard-failed7-retry-20260703T025916Z/make-mips-interpreter__Bj9PEXT/agent/trajectory.json
Trajectory dumped to runs/harbor-v21/athena-slowest-hard-failed7-retry-20260703T025916Z/make-mips-interpreter__Bj9PEXT/agent/trajectory.json
Trajectory dumped to runs/harbor-v21/athena-slowest-hard-failed7-retry-20260703T025916Z/make-mips-interpreter__Bj9PEXT/agent/trajectory.json
Parser warnings: - No valid JSON object found
Trajectory dumped to runs/harbor-v21/athena-slowest-hard-failed7-retry-20260703T025916Z/make-mips-interpreter__Bj9PEXT/agent/trajectory.json
Trajectory dumped to runs/harbor-v21/athena-slowest-hard-failed7-retry-20260703T025916Z/make-mips-interpreter__Bj9PEXT/agent/trajectory.json
Trajectory dumped to runs/harbor-v21/athena-slowest-hard-failed7-retry-20260703T025916Z/make-mips-interpreter__Bj9PEXT/agent/trajectory.json
Trajectory dumped to runs/harbor-v21/athena-slowest-hard-failed7-retry-20260703T025916Z/make-mips-interpreter__Bj9PEXT/agent/trajectory.json
Trajectory dumped to runs/harbor-v21/athena-slowest-hard-failed7-retry-20260703T025916Z/make-mips-interpreter__Bj9PEXT/agent/trajectory.json
Trajectory dumped to runs/harbor-v21/athena-slowest-hard-failed7-retry-20260703T025916Z/make-mips-interpreter__Bj9PEXT/agent/trajectory.json
Trajectory dumped to runs/harbor-v21/athena-slowest-hard-failed7-retry-20260703T025916Z/make-mips-interpreter__Bj9PEXT/agent/trajectory.json
Trajectory dumped to runs/harbor-v21/athena-slowest-hard-failed7-retry-20260703T025916Z/make-mips-interpreter__Bj9PEXT/agent/trajectory.json
Trajectory dumped to runs/harbor-v21/athena-slowest-hard-failed7-retry-20260703T025916Z/make-mips-interpreter__Bj9PEXT/agent/trajectory.json
Trajectory dumped to runs/harbor-v21/athena-slowest-hard-failed7-retry-20260703T025916Z/make-mips-interpreter__Bj9PEXT/agent/trajectory.json
Trajectory dumped to runs/harbor-v21/athena-slowest-hard-failed7-retry-20260703T025916Z/make-mips-interpreter__Bj9PEXT/agent/trajectory.json
Trajectory dumped to runs/harbor-v21/athena-slowest-hard-failed7-retry-20260703T025916Z/make-mips-interpreter__Bj9PEXT/agent/trajectory.json
Trajectory dumped to runs/harbor-v21/athena-slowest-hard-failed7-retry-20260703T025916Z/make-mips-interpreter__Bj9PEXT/agent/trajectory.json
Parser warnings: - Command 1 should end with newline when followed by another command. Otherwise the two commands will be concatenated together on the same line.
Trajectory dumped to runs/harbor-v21/athena-slowest-hard-failed7-retry-20260703T025916Z/make-mips-interpreter__Bj9PEXT/agent/trajectory.json
Trajectory dumped to runs/harbor-v21/athena-slowest-hard-failed7-retry-20260703T025916Z/make-mips-interpreter__Bj9PEXT/agent/trajectory.json
Trajectory dumped to runs/harbor-v21/athena-slowest-hard-failed7-retry-20260703T025916Z/make-mips-interpreter__Bj9PEXT/agent/trajectory.json
Trajectory dumped to runs/harbor-v21/athena-slowest-hard-failed7-retry-20260703T025916Z/make-mips-interpreter__Bj9PEXT/agent/trajectory.json
Trajectory dumped to runs/harbor-v21/athena-slowest-hard-failed7-retry-20260703T025916Z/make-mips-interpreter__Bj9PEXT/agent/trajectory.json
Trajectory dumped to runs/harbor-v21/athena-slowest-hard-failed7-retry-20260703T025916Z/make-mips-interpreter__Bj9PEXT/agent/trajectory.json
Trajectory dumped to runs/harbor-v21/athena-slowest-hard-failed7-retry-20260703T025916Z/make-mips-interpreter__Bj9PEXT/agent/trajectory.json
Trajectory dumped to runs/harbor-v21/athena-slowest-hard-failed7-retry-20260703T025916Z/make-mips-interpreter__Bj9PEXT/agent/trajectory.json
Trajectory dumped to runs/harbor-v21/athena-slowest-hard-failed7-retry-20260703T025916Z/make-mips-interpreter__Bj9PEXT/agent/trajectory.json
Trajectory dumped to runs/harbor-v21/athena-slowest-hard-failed7-retry-20260703T025916Z/make-mips-interpreter__Bj9PEXT/agent/trajectory.json
Trajectory dumped to runs/harbor-v21/athena-slowest-hard-failed7-retry-20260703T025916Z/make-mips-interpreter__Bj9PEXT/agent/trajectory.json
Trajectory dumped to runs/harbor-v21/athena-slowest-hard-failed7-retry-20260703T025916Z/make-mips-interpreter__Bj9PEXT/agent/trajectory.json
Trajectory dumped to runs/harbor-v21/athena-slowest-hard-failed7-retry-20260703T025916Z/make-mips-interpreter__Bj9PEXT/agent/trajectory.json
Trajectory dumped to runs/harbor-v21/athena-slowest-hard-failed7-retry-20260703T025916Z/make-mips-interpreter__Bj9PEXT/agent/trajectory.json
Trajectory dumped to runs/harbor-v21/athena-slowest-hard-failed7-retry-20260703T025916Z/make-mips-interpreter__Bj9PEXT/agent/trajectory.json
Trajectory dumped to runs/harbor-v21/athena-slowest-hard-failed7-retry-20260703T025916Z/make-mips-interpreter__Bj9PEXT/agent/trajectory.json
Parser warnings: - No valid JSON object found
Parser warnings: - No valid JSON object found
Parser warnings: - No valid JSON object found
Trajectory dumped to runs/harbor-v21/athena-slowest-hard-failed7-retry-20260703T025916Z/make-mips-interpreter__Bj9PEXT/agent/trajectory.json
Collecting main service artifacts
