max_turns (f.k.a. max_episodes) artificially limited to 80. Consider removing this limit for better task completion.
Installing: tmux, asciinema
Detected system: {'os': 'debian-based', 'package_manager': 'apt-get', 'update_command': None}
Installing tools using apt-get: (DEBIAN_FRONTEND=noninteractive apt-get install -y --no-install-recommends tmux asciinema) || (DEBIAN_FRONTEND=noninteractive apt-get update -o Acquire::Retries=2 -o Acquire::http::Timeout=30 -o Acquire::https::Timeout=30 && DEBIAN_FRONTEND=noninteractive apt-get install -y --no-install-recommends tmux asciinema)
Starting recording.
Sending keys: ['asciinema rec --stdin /logs/agent/recording.cast', 'Enter'] min_timeout_sec: 1.0 max_timeout_sec: 180.0
Sending keys: ['clear', 'Enter'] min_timeout_sec: 0.0 max_timeout_sec: 180.0
Sending keys: ['ls -lh /app\n'] min_timeout_sec: 0.1 max_timeout_sec: 180.0
Sending keys: ['file /app/video.mp4\n'] min_timeout_sec: 0.1 max_timeout_sec: 180.0
Sending keys: ['which ffmpeg ffprobe tesseract python3 convert magick || true\n'] min_timeout_sec: 0.1 max_timeout_sec: 180.0
Sending keys: ['ffprobe -v error -show_entries format=duration:stream=width,height,r_frame_rate,nb_frames -of default=noprint_wrappers=1 /app/video.mp4\n'] min_timeout_sec: 1.0 max_timeout_sec: 180.0
Sending keys: ['tesseract --version 2>&1 | head -1\n'] min_timeout_sec: 0.1 max_timeout_sec: 180.0
Trajectory dumped to runs/harbor-v21/athena-extract-moves-resume44-20260703T013127Z/extract-moves-from-video__SbLZqtX/agent/trajectory.json
Sending keys: ['python3 --version\n'] min_timeout_sec: 0.1 max_timeout_sec: 180.0
Sending keys: ['which pip3 pip apt-get apt || true\n'] min_timeout_sec: 0.1 max_timeout_sec: 180.0
Sending keys: ["python3 - <<'PY'\nmods = ['cv2','PIL','numpy','pytesseract','moviepy','imageio','ffmpeg','av','skimage']\nfor m in mods:\n    try:\n        __import__(m)\n        print(m, 'OK')\n    except Exception as e:\n        print(m, 'NO', type(e).__name__, str(e)[:80])\nPY\n"] min_timeout_sec: 0.1 max_timeout_sec: 180.0
Sending keys: ['cat /etc/os-release 2>/dev/null || true\n'] min_timeout_sec: 0.1 max_timeout_sec: 180.0
Trajectory dumped to runs/harbor-v21/athena-extract-moves-resume44-20260703T013127Z/extract-moves-from-video__SbLZqtX/agent/trajectory.json
Sending keys: ['apt-get update\n'] min_timeout_sec: 20.0 max_timeout_sec: 180.0
Sending keys: ['apt-get install -y ffmpeg tesseract-ocr imagemagick\n'] min_timeout_sec: 60.0 max_timeout_sec: 180.0
Sending keys: ['which ffmpeg ffprobe tesseract convert\n'] min_timeout_sec: 0.1 max_timeout_sec: 180.0
Sending keys: ['ffprobe -v error -show_entries format=duration:stream=width,height,r_frame_rate,nb_frames -of default=noprint_wrappers=1 /app/video.mp4\n'] min_timeout_sec: 1.0 max_timeout_sec: 180.0
Trajectory dumped to runs/harbor-v21/athena-extract-moves-resume44-20260703T013127Z/extract-moves-from-video__SbLZqtX/agent/trajectory.json
Sending keys: ['apt-get install -y --fix-missing ffmpeg tesseract-ocr imagemagick\n'] min_timeout_sec: 60.0 max_timeout_sec: 180.0
Sending keys: ['which ffmpeg ffprobe tesseract convert\n'] min_timeout_sec: 0.1 max_timeout_sec: 180.0
Sending keys: ['ffprobe -v error -show_entries format=duration:stream=width,height,r_frame_rate,nb_frames -of default=noprint_wrappers=1 /app/video.mp4\n'] min_timeout_sec: 1.0 max_timeout_sec: 180.0
Trajectory dumped to runs/harbor-v21/athena-extract-moves-resume44-20260703T013127Z/extract-moves-from-video__SbLZqtX/agent/trajectory.json
Sending keys: [''] min_timeout_sec: 30.0 max_timeout_sec: 180.0
