--agent-import-path is deprecated; use --agent instead.
max_turns (f.k.a. max_episodes) artificially limited to 60. Consider removing this limit for better task completion.
max_turns (f.k.a. max_episodes) artificially limited to 60. Consider removing this limit for better task completion.
  2/2 Mean: 1.000 ━━━━━━━━━━━━━━━━━━━━━━━━━━━━━━━━━━━━━━━━ 0:58:10 0:00:00
tb21-slow-hard-athena-repair5-20260702T015803Z • tr-harbor-terminus • athena
┏━━━━━━━━┳━━━━━━━━━━━━┳━━━━━━━┓
┃ Trials ┃ Exceptions ┃  Mean ┃
┡━━━━━━━━╇━━━━━━━━━━━━╇━━━━━━━┩
│      2 │          0 │ 1.000 │
└────────┴────────────┴───────┘

┏━━━━━━━━┳━━━━━━━┓
┃ Reward ┃ Count ┃
┡━━━━━━━━╇━━━━━━━┩
│ 1.0    │     2 │
└────────┴───────┘

Job Info
Total runtime: 58m 10s
Results written to 
runs/harbor-v21/athena-slow-hard-repair5-2-20260702T015803Z/result.json
Inspect results by running `harbor view runs/harbor-v21`
Share results by running `harbor upload 
runs/harbor-v21/athena-slow-hard-repair5-2-20260702T015803Z`

