--agent-import-path is deprecated; use --agent instead.
max_turns (f.k.a. max_episodes) artificially limited to 60. Consider removing this limit for better task completion.
max_turns (f.k.a. max_episodes) artificially limited to 60. Consider removing this limit for better task completion.
  2/2 Mean: 0.000 ━━━━━━━━━━━━━━━━━━━━━━━━━━━━━━━━━━━━━━━━ 0:00:02 0:00:00
tb21-slow-hard-athena-repair4-20260702T015703Z • tr-harbor-terminus • athena
┏━━━━━━━━┳━━━━━━━━━━━━┳━━━━━━━┓
┃ Trials ┃ Exceptions ┃  Mean ┃
┡━━━━━━━━╇━━━━━━━━━━━━╇━━━━━━━┩
│      0 │          2 │ 0.000 │
└────────┴────────────┴───────┘

┏━━━━━━━━━━━━━━┳━━━━━━━┓
┃ Exception    ┃ Count ┃
┡━━━━━━━━━━━━━━╇━━━━━━━┩
│ RuntimeError │     2 │
└──────────────┴───────┘

Job Info
Total runtime: 3s
Results written to 
runs/harbor-v21/athena-slow-hard-repair4-2-20260702T015703Z/result.json
Inspect results by running `harbor view runs/harbor-v21`
Share results by running `harbor upload 
runs/harbor-v21/athena-slow-hard-repair4-2-20260702T015703Z`

