--agent-import-path is deprecated; use --agent instead.
max_turns (f.k.a. max_episodes) artificially limited to 60. Consider removing this limit for better task completion.
max_turns (f.k.a. max_episodes) artificially limited to 60. Consider removing this limit for better task completion.
max_turns (f.k.a. max_episodes) artificially limited to 60. Consider removing this limit for better task completion.
  3/3 Mean: 0.333 ━━━━━━━━━━━━━━━━━━━━━━━━━━━━━━━━━━━━━━━━ 2:18:10 0:00:00
terminal-bench-2-1 • tr-harbor-terminus • athena
┏━━━━━━━━┳━━━━━━━━━━━━┳━━━━━━━┓
┃ Trials ┃ Exceptions ┃  Mean ┃
┡━━━━━━━━╇━━━━━━━━━━━━╇━━━━━━━┩
│      3 │          0 │ 0.333 │
└────────┴────────────┴───────┘

┏━━━━━━━━┳━━━━━━━┓
┃ Reward ┃ Count ┃
┡━━━━━━━━╇━━━━━━━┩
│ 1.0    │     1 │
│ 0.0    │     2 │
└────────┴───────┘

Job Info
Total runtime: 2h 18m 10s
Results written to 
runs/harbor-v21/athena-slow-hard-failed3-advisorprompt-20260702T190946Z/result.j
son
Inspect results by running `harbor view runs/harbor-v21`
Share results by running `harbor upload 
runs/harbor-v21/athena-slow-hard-failed3-advisorprompt-20260702T190946Z`

