--agent-import-path is deprecated; use --agent instead.
max_turns (f.k.a. max_episodes) artificially limited to 60. Consider removing this limit for better task completion.
  1/1 Mean: 1.000 ━━━━━━━━━━━━━━━━━━━━━━━━━━━━━━━━━━━━━━━━ 0:01:16 0:00:00
tb21-fast-hard-athena-harbor-20260703T163301Z • tr-harbor-terminus • athena
┏━━━━━━━━┳━━━━━━━━━━━━┳━━━━━━━┓
┃ Trials ┃ Exceptions ┃  Mean ┃
┡━━━━━━━━╇━━━━━━━━━━━━╇━━━━━━━┩
│      1 │          0 │ 1.000 │
└────────┴────────────┴───────┘

┏━━━━━━━━┳━━━━━━━┓
┃ Reward ┃ Count ┃
┡━━━━━━━━╇━━━━━━━┩
│ 1.0    │     1 │
└────────┴───────┘

Job Info
Total runtime: 1m 16s
Results written to 
runs/harbor-v21/athena-fast-hard-feal-diff-regrade-replay-20260703T172331Z/resul
t.json
Inspect results by running `harbor view runs/harbor-v21`
Share results by running `harbor upload 
runs/harbor-v21/athena-fast-hard-feal-diff-regrade-replay-20260703T172331Z`

