max_turns (f.k.a. max_episodes) artificially limited to 60. Consider removing this limit for better task completion.
Parser warnings: - No valid JSON object found
Parser warnings: - No valid JSON object found
Parser warnings: - No valid JSON object found
Parser warnings: - No valid JSON object found
Parser warnings: - No valid JSON object found
Parser warnings: - No valid JSON object found
Parser warnings: - No valid JSON object found
Parser warnings: - No valid JSON object found
Parser warnings: - No valid JSON object found
Parser warnings: - No valid JSON object found
Parser warnings: - No valid JSON object found
Parser warnings: - No valid JSON object found
Parser warnings: - No valid JSON object found
Parser warnings: - No valid JSON object found
Parser warnings: - No valid JSON object found
Parser warnings: - No valid JSON object found
Parser warnings: - No valid JSON object found
Parser warnings: - No valid JSON object found
Parser warnings: - No valid JSON object found
Parser warnings: - No valid JSON object found
Parser warnings: - No valid JSON object found
Parser warnings: - No valid JSON object found
Parser warnings: - No valid JSON object found
Parser warnings: - No valid JSON object found
Parser warnings: - No valid JSON object found
Parser warnings: - No valid JSON object found
Parser warnings: - No valid JSON object found
Parser warnings: - No valid JSON object found
Parser warnings: - No valid JSON object found
Parser warnings: - No valid JSON object found
Parser warnings: - No valid JSON object found
Parser warnings: - No valid JSON object found
Parser warnings: - No valid JSON object found
Parser warnings: - No valid JSON object found
Parser warnings: - No valid JSON object found
Parser warnings: - No valid JSON object found
Parser warnings: - No valid JSON object found
Parser warnings: - No valid JSON object found
Parser warnings: - No valid JSON object found
Parser warnings: - No valid JSON object found
Parser warnings: - No valid JSON object found
Parser warnings: - No valid JSON object found
Parser warnings: - No valid JSON object found
Parser warnings: - No valid JSON object found
Parser warnings: - No valid JSON object found
Parser warnings: - No valid JSON object found
Parser warnings: - No valid JSON object found
Parser warnings: - No valid JSON object found
Trajectory dumped to runs/harbor-v21/athena-slowest-hard-failed7-retry-20260703T025916Z/protein-assembly__DucDUTr/agent/trajectory.json
Trial protein-assembly__DucDUTr cancelled
Collecting main service artifacts
