max_turns (f.k.a. max_episodes) artificially limited to 60. Consider removing this limit for better task completion.
Installing: tmux, asciinema
Detected system: {'os': 'debian-based', 'package_manager': 'apt-get', 'update_command': None}
Installing tools using apt-get: (DEBIAN_FRONTEND=noninteractive apt-get install -y --no-install-recommends tmux asciinema) || (DEBIAN_FRONTEND=noninteractive apt-get update -o Acquire::Retries=2 -o Acquire::http::Timeout=30 -o Acquire::https::Timeout=30 && DEBIAN_FRONTEND=noninteractive apt-get install -y --no-install-recommends tmux asciinema)
Starting recording.
Sending keys: ['asciinema rec --stdin /logs/agent/recording.cast', 'Enter'] min_timeout_sec: 1.0 max_timeout_sec: 180.0
Sending keys: ['clear', 'Enter'] min_timeout_sec: 0.0 max_timeout_sec: 180.0
Sending keys: ['ls -la /app\n'] min_timeout_sec: 0.1 max_timeout_sec: 180.0
Sending keys: ['which ffmpeg ffprobe python3 tesseract convert montage 2>/dev/null || true\n'] min_timeout_sec: 0.1 max_timeout_sec: 180.0
Sending keys: ['ffprobe -v error -show_entries format=duration:stream=width,height,r_frame_rate,nb_frames -of default=noprint_wrappers=1 /app/video.mp4\n'] min_timeout_sec: 1.0 max_timeout_sec: 180.0
Trajectory dumped to runs/harbor-v21/athena-extract-moves-advisorprobe-20260702T232756Z/extract-moves-from-video__aj9W5Vp/agent/trajectory.json
Sending keys: ["python3 - <<'PY'\nmods = ['cv2','PIL','numpy','av','imageio','moviepy','decord','skimage','pytesseract','easyocr']\nfor m in mods:\n    try:\n        __import__(m)\n        print(m, 'OK')\n    except Exception as e:\n        print(m, 'NO', type(e).__name__, str(e)[:80])\nPY\n"] min_timeout_sec: 0.1 max_timeout_sec: 180.0
Sending keys: ["python3 - <<'PY'\nimport struct, sys\np='/app/video.mp4'\nwith open(p,'rb') as f:\n    data=f.read(32)\nprint(data[:8], data[16:20], data[20:24])\nPY\n"] min_timeout_sec: 0.1 max_timeout_sec: 180.0
Sending keys: ['apt-get --version 2>/dev/null | head -1 || true\n'] min_timeout_sec: 0.1 max_timeout_sec: 180.0
Trajectory dumped to runs/harbor-v21/athena-extract-moves-advisorprobe-20260702T232756Z/extract-moves-from-video__aj9W5Vp/agent/trajectory.json
Sending keys: ['apt-get update\n'] min_timeout_sec: 10.0 max_timeout_sec: 180.0
Sending keys: ['apt-get install -y ffmpeg imagemagick tesseract-ocr\n'] min_timeout_sec: 20.0 max_timeout_sec: 180.0
Trajectory dumped to runs/harbor-v21/athena-extract-moves-advisorprobe-20260702T232756Z/extract-moves-from-video__aj9W5Vp/agent/trajectory.json
Sending keys: [''] min_timeout_sec: 30.0 max_timeout_sec: 180.0
Trajectory dumped to runs/harbor-v21/athena-extract-moves-advisorprobe-20260702T232756Z/extract-moves-from-video__aj9W5Vp/agent/trajectory.json
Sending keys: ['apt-get install -y --fix-missing ffmpeg imagemagick tesseract-ocr\n'] min_timeout_sec: 30.0 max_timeout_sec: 180.0
Trajectory dumped to runs/harbor-v21/athena-extract-moves-advisorprobe-20260702T232756Z/extract-moves-from-video__aj9W5Vp/agent/trajectory.json
Sending keys: ['which ffmpeg ffprobe tesseract convert 2>/dev/null || true\n'] min_timeout_sec: 0.1 max_timeout_sec: 180.0
Sending keys: ["dpkg -l | grep -E 'ffmpeg|tesseract|imagemagick|libavcodec|libavformat' || true\n"] min_timeout_sec: 0.1 max_timeout_sec: 180.0
Sending keys: ['apt-cache depends ffmpeg | head -80\n'] min_timeout_sec: 0.1 max_timeout_sec: 180.0
Sending keys: ['apt-cache rdepends libapparmor1 | head -40\n'] min_timeout_sec: 0.1 max_timeout_sec: 180.0
Sending keys: ['apt-get install -y --no-install-recommends ffmpeg\n'] min_timeout_sec: 30.0 max_timeout_sec: 180.0
Trajectory dumped to runs/harbor-v21/athena-extract-moves-advisorprobe-20260702T232756Z/extract-moves-from-video__aj9W5Vp/agent/trajectory.json
Parser warnings: - Command 1 should end with newline when followed by another command. Otherwise the two commands will be concatenated together on the same line.
Sending keys: [''] min_timeout_sec: 30.0 max_timeout_sec: 180.0
Sending keys: ['which ffmpeg ffprobe || true\n'] min_timeout_sec: 0.1 max_timeout_sec: 180.0
Sending keys: ['ffprobe -v error -show_entries format=duration:stream=width,height,r_frame_rate,nb_frames,codec_name -of default=noprint_wrappers=1 /app/video.mp4\n'] min_timeout_sec: 1.0 max_timeout_sec: 180.0
Trajectory dumped to runs/harbor-v21/athena-extract-moves-advisorprobe-20260702T232756Z/extract-moves-from-video__aj9W5Vp/agent/trajectory.json
Sending keys: ['mkdir -p /app/frames && ffmpeg -hide_banner -loglevel error -y -i /app/video.mp4 -vf "fps=1/5" /app/frames/sample_%03d.png\n'] min_timeout_sec: 1.0 max_timeout_sec: 180.0
Sending keys: ['apt-get install -y --no-install-recommends tesseract-ocr\n'] min_timeout_sec: 20.0 max_timeout_sec: 180.0
Sending keys: ['ls -la /app/frames | head -50\n'] min_timeout_sec: 0.1 max_timeout_sec: 180.0
Sending keys: ['which tesseract || true\n'] min_timeout_sec: 0.1 max_timeout_sec: 180.0
Trajectory dumped to runs/harbor-v21/athena-extract-moves-advisorprobe-20260702T232756Z/extract-moves-from-video__aj9W5Vp/agent/trajectory.json
Sending keys: ['apt-get install -y --no-install-recommends tesseract-ocr\n'] min_timeout_sec: 20.0 max_timeout_sec: 180.0
Sending keys: ['which tesseract || true\n'] min_timeout_sec: 0.1 max_timeout_sec: 180.0
Sending keys: ['tesseract /app/frames/sample_001.png stdout --psm 6 2>/dev/null | head -80\n'] min_timeout_sec: 1.0 max_timeout_sec: 180.0
Trajectory dumped to runs/harbor-v21/athena-extract-moves-advisorprobe-20260702T232756Z/extract-moves-from-video__aj9W5Vp/agent/trajectory.json
Sending keys: ['for f in /app/frames/sample_*.png; do echo "=== $(basename "$f") ==="; tesseract "$f" stdout --psm 6 2>/dev/null; echo; done > /app/ocr_samples.txt\n'] min_timeout_sec: 5.0 max_timeout_sec: 180.0
Sending keys: ['cat /app/ocr_samples.txt\n'] min_timeout_sec: 0.1 max_timeout_sec: 180.0
Trajectory dumped to runs/harbor-v21/athena-extract-moves-advisorprobe-20260702T232756Z/extract-moves-from-video__aj9W5Vp/agent/trajectory.json
Sending keys: ['\n'] min_timeout_sec: 5.0 max_timeout_sec: 180.0
Sending keys: ["wc -l /app/ocr_samples.txt; sed -n '1,220p' /app/ocr_samples.txt\n"] min_timeout_sec: 0.1 max_timeout_sec: 180.0
Trajectory dumped to runs/harbor-v21/athena-extract-moves-advisorprobe-20260702T232756Z/extract-moves-from-video__aj9W5Vp/agent/trajectory.json
Sending keys: ['\n'] min_timeout_sec: 15.0 max_timeout_sec: 180.0
Sending keys: ["ls -l /app/ocr_samples.txt; wc -l /app/ocr_samples.txt; sed -n '1,240p' /app/ocr_samples.txt\n"] min_timeout_sec: 0.1 max_timeout_sec: 180.0
Trajectory dumped to runs/harbor-v21/athena-extract-moves-advisorprobe-20260702T232756Z/extract-moves-from-video__aj9W5Vp/agent/trajectory.json
Sending keys: ['\n'] min_timeout_sec: 30.0 max_timeout_sec: 180.0
Sending keys: ["ls -l /app/ocr_samples.txt; wc -l /app/ocr_samples.txt; sed -n '1,260p' /app/ocr_samples.txt\n"] min_timeout_sec: 0.1 max_timeout_sec: 180.0
Trajectory dumped to runs/harbor-v21/athena-extract-moves-advisorprobe-20260702T232756Z/extract-moves-from-video__aj9W5Vp/agent/trajectory.json
Sending keys: ["grep -n '^=== ' /app/ocr_samples.txt; echo '---'; cat -n /app/ocr_samples.txt\n"] min_timeout_sec: 0.1 max_timeout_sec: 180.0
Trajectory dumped to runs/harbor-v21/athena-extract-moves-advisorprobe-20260702T232756Z/extract-moves-from-video__aj9W5Vp/agent/trajectory.json
Sending keys: ["sed -n '1,300p' /app/ocr_samples.txt\n"] min_timeout_sec: 0.1 max_timeout_sec: 180.0
Sending keys: ["sed -n '301,600p' /app/ocr_samples.txt\n"] min_timeout_sec: 0.1 max_timeout_sec: 180.0
Sending keys: ["sed -n '601,900p' /app/ocr_samples.txt\n"] min_timeout_sec: 0.1 max_timeout_sec: 180.0
Sending keys: ["sed -n '901,1200p' /app/ocr_samples.txt\n"] min_timeout_sec: 0.1 max_timeout_sec: 180.0
Sending keys: ["grep -n -E '^>|>$|>.*_$|^[a-z].*_$' /app/ocr_samples.txt | head -200\n"] min_timeout_sec: 0.1 max_timeout_sec: 180.0
Trajectory dumped to runs/harbor-v21/athena-extract-moves-advisorprobe-20260702T232756Z/extract-moves-from-video__aj9W5Vp/agent/trajectory.json
Sending keys: ["sed -n '1,200p' /app/ocr_samples.txt\n"] min_timeout_sec: 0.1 max_timeout_sec: 180.0
Sending keys: ["sed -n '201,400p' /app/ocr_samples.txt\n"] min_timeout_sec: 0.1 max_timeout_sec: 180.0
Sending keys: ["sed -n '401,600p' /app/ocr_samples.txt\n"] min_timeout_sec: 0.1 max_timeout_sec: 180.0
Sending keys: ["sed -n '601,800p' /app/ocr_samples.txt\n"] min_timeout_sec: 0.1 max_timeout_sec: 180.0
Sending keys: ["sed -n '801,1200p' /app/ocr_samples.txt\n"] min_timeout_sec: 0.1 max_timeout_sec: 180.0
Sending keys: ['tesseract /app/frames/sample_009.png stdout --psm 6 tsv 2>/dev/null | tail -30\n'] min_timeout_sec: 1.0 max_timeout_sec: 180.0
Trajectory dumped to runs/harbor-v21/athena-extract-moves-advisorprobe-20260702T232756Z/extract-moves-from-video__aj9W5Vp/agent/trajectory.json
Sending keys: ["tesseract /app/frames/sample_009.png stdout --psm 6 tsv 2>/dev/null | awk -F'\\t' 'NF>10 {print $12, $7, $8, $9, $10, $11}' | tail -60\n"] min_timeout_sec: 1.0 max_timeout_sec: 180.0
Sending keys: ["tesseract /app/frames/sample_001.png stdout --psm 6 tsv 2>/dev/null | awk -F'\\t' 'NF>10 {print $12, $7, $8, $9, $10, $11}' | tail -40\n"] min_timeout_sec: 1.0 max_timeout_sec: 180.0
Trajectory dumped to runs/harbor-v21/athena-extract-moves-advisorprobe-20260702T232756Z/extract-moves-from-video__aj9W5Vp/agent/trajectory.json
Sending keys: ['\n'] min_timeout_sec: 2.0 max_timeout_sec: 180.0
Sending keys: ['echo READY\n'] min_timeout_sec: 0.1 max_timeout_sec: 180.0
Sending keys: ['mkdir -p /app/dense && ffmpeg -hide_banner -loglevel error -y -i /app/video.mp4 -vf "fps=2,crop=1040:640:120:70" /app/dense/frame_%04d.png\n'] min_timeout_sec: 5.0 max_timeout_sec: 180.0
Sending keys: ['ls /app/dense | wc -l\n'] min_timeout_sec: 0.1 max_timeout_sec: 180.0
Trajectory dumped to runs/harbor-v21/athena-extract-moves-advisorprobe-20260702T232756Z/extract-moves-from-video__aj9W5Vp/agent/trajectory.json
Sending keys: ['\n'] min_timeout_sec: 3.0 max_timeout_sec: 180.0
Sending keys: ['ls /app/dense | wc -l; ls /app/dense | head -5; ls /app/dense | tail -5\n'] min_timeout_sec: 0.1 max_timeout_sec: 180.0
Sending keys: ['for f in /app/dense/frame_0001.png /app/dense/frame_0061.png /app/dense/frame_0121.png /app/dense/frame_0181.png /app/dense/frame_0241.png /app/dense/frame_0301.png /app/dense/frame_0361.png; do echo "=== $f ==="; tesseract "$f" stdout --psm 6 2>/dev/null | tail -8; done\n'] min_timeout_sec: 1.0 max_timeout_sec: 180.0
Trajectory dumped to runs/harbor-v21/athena-extract-moves-advisorprobe-20260702T232756Z/extract-moves-from-video__aj9W5Vp/agent/trajectory.json
Sending keys: ['rm -rf /app/dense; mkdir -p /app/dense\n'] min_timeout_sec: 0.1 max_timeout_sec: 180.0
Sending keys: ['ffmpeg -hide_banner -loglevel error -y -i /app/video.mp4 -vf "fps=2,crop=1040:640:120:70" /app/dense/frame_%04d.png\n'] min_timeout_sec: 5.0 max_timeout_sec: 180.0
Sending keys: ['ls /app/dense | wc -l\n'] min_timeout_sec: 0.1 max_timeout_sec: 180.0
Sending keys: ['for f in /app/dense/frame_0001.png /app/dense/frame_0061.png /app/dense/frame_0121.png; do echo "=== $f ==="; tesseract "$f" stdout --psm 6 2>/dev/null | tail -8; done\n'] min_timeout_sec: 1.0 max_timeout_sec: 180.0
Trajectory dumped to runs/harbor-v21/athena-extract-moves-advisorprobe-20260702T232756Z/extract-moves-from-video__aj9W5Vp/agent/trajectory.json
Sending keys: ['\n'] min_timeout_sec: 5.0 max_timeout_sec: 180.0
Sending keys: ['ls /app/dense | wc -l\n'] min_timeout_sec: 0.1 max_timeout_sec: 180.0
Sending keys: ['for f in /app/dense/frame_0001.png /app/dense/frame_0061.png /app/dense/frame_0121.png; do echo "=== $f ==="; tesseract "$f" stdout --psm 6 2>/dev/null | tail -8; done\n'] min_timeout_sec: 1.0 max_timeout_sec: 180.0
Trajectory dumped to runs/harbor-v21/athena-extract-moves-advisorprobe-20260702T232756Z/extract-moves-from-video__aj9W5Vp/agent/trajectory.json
Parser warnings: - Command 1 should end with newline when followed by another command. Otherwise the two commands will be concatenated together on the same line.
Sending keys: ['C-c'] min_timeout_sec: 0.5 max_timeout_sec: 180.0
Sending keys: ['echo BACK\n'] min_timeout_sec: 0.1 max_timeout_sec: 180.0
Sending keys: ['ls /app/dense 2>/dev/null | wc -l\n'] min_timeout_sec: 0.1 max_timeout_sec: 180.0
Trajectory dumped to runs/harbor-v21/athena-extract-moves-advisorprobe-20260702T232756Z/extract-moves-from-video__aj9W5Vp/agent/trajectory.json
Sending keys: ['for f in /app/dense/frame_0001.png /app/dense/frame_0061.png /app/dense/frame_0121.png /app/dense/frame_0201.png /app/dense/frame_0301.png /app/dense/frame_0380.png; do echo "=== $f ==="; tesseract "$f" stdout --psm 6 2>/dev/null | tail -12; done\n'] min_timeout_sec: 1.0 max_timeout_sec: 180.0
Trajectory dumped to runs/harbor-v21/athena-extract-moves-advisorprobe-20260702T232756Z/extract-moves-from-video__aj9W5Vp/agent/trajectory.json
Sending keys: ['\n'] min_timeout_sec: 5.0 max_timeout_sec: 180.0
Sending keys: ['echo DONE_SAMPLES\n'] min_timeout_sec: 0.1 max_timeout_sec: 180.0
Trajectory dumped to runs/harbor-v21/athena-extract-moves-advisorprobe-20260702T232756Z/extract-moves-from-video__aj9W5Vp/agent/trajectory.json
Sending keys: ['for f in /app/dense/frame_*.png; do echo "=== $(basename "$f") ==="; tesseract "$f" stdout --psm 6 2>/dev/null; echo; done > /app/dense_ocr.txt\n'] min_timeout_sec: 60.0 max_timeout_sec: 180.0
Trajectory dumped to runs/harbor-v21/athena-extract-moves-advisorprobe-20260702T232756Z/extract-moves-from-video__aj9W5Vp/agent/trajectory.json
Sending keys: ['\n'] min_timeout_sec: 60.0 max_timeout_sec: 180.0
Sending keys: ["ls -l /app/dense_ocr.txt; wc -l /app/dense_ocr.txt; grep -n '^>' /app/dense_ocr.txt | head -200\n"] min_timeout_sec: 0.1 max_timeout_sec: 180.0
Trajectory dumped to runs/harbor-v21/athena-extract-moves-advisorprobe-20260702T232756Z/extract-moves-from-video__aj9W5Vp/agent/trajectory.json
Sending keys: ['\n'] min_timeout_sec: 60.0 max_timeout_sec: 180.0
Sending keys: ["ls -l /app/dense_ocr.txt; wc -l /app/dense_ocr.txt; grep -n '^>' /app/dense_ocr.txt | head -200\n"] min_timeout_sec: 0.1 max_timeout_sec: 180.0
Trajectory dumped to runs/harbor-v21/athena-extract-moves-advisorprobe-20260702T232756Z/extract-moves-from-video__aj9W5Vp/agent/trajectory.json
Sending keys: ['\n'] min_timeout_sec: 60.0 max_timeout_sec: 180.0
Sending keys: ["ls -l /app/dense_ocr.txt; wc -l /app/dense_ocr.txt; grep -n '^>' /app/dense_ocr.txt | head -200\n"] min_timeout_sec: 0.1 max_timeout_sec: 180.0
Trajectory dumped to runs/harbor-v21/athena-extract-moves-advisorprobe-20260702T232756Z/extract-moves-from-video__aj9W5Vp/agent/trajectory.json
Sending keys: ['\n'] min_timeout_sec: 60.0 max_timeout_sec: 180.0
Sending keys: ["ls -l /app/dense_ocr.txt; wc -l /app/dense_ocr.txt; grep -n '^>' /app/dense_ocr.txt | head -200\n"] min_timeout_sec: 0.1 max_timeout_sec: 180.0
Trajectory dumped to runs/harbor-v21/athena-extract-moves-advisorprobe-20260702T232756Z/extract-moves-from-video__aj9W5Vp/agent/trajectory.json
Sending keys: ['\n'] min_timeout_sec: 30.0 max_timeout_sec: 180.0
Sending keys: ["ls -l /app/dense_ocr.txt 2>/dev/null; wc -l /app/dense_ocr.txt 2>/dev/null; grep -n '^>' /app/dense_ocr.txt 2>/dev/null | head -200\n"] min_timeout_sec: 0.1 max_timeout_sec: 180.0
Trajectory dumped to runs/harbor-v21/athena-extract-moves-advisorprobe-20260702T232756Z/extract-moves-from-video__aj9W5Vp/agent/trajectory.json
Parser warnings: - Command 1 should end with newline when followed by another command. Otherwise the two commands will be concatenated together on the same line.
Sending keys: ['C-c'] min_timeout_sec: 0.5 max_timeout_sec: 180.0
Sending keys: ['echo INTERRUPTED\n'] min_timeout_sec: 0.1 max_timeout_sec: 180.0
Sending keys: ['ls -l /app/dense_ocr.txt 2>/dev/null; wc -l /app/dense_ocr.txt 2>/dev/null || true\n'] min_timeout_sec: 0.1 max_timeout_sec: 180.0
Trajectory dumped to runs/harbor-v21/athena-extract-moves-advisorprobe-20260702T232756Z/extract-moves-from-video__aj9W5Vp/agent/trajectory.json
Sending keys: ["grep -c '^===' /app/dense_ocr.txt; grep '^===' /app/dense_ocr.txt | tail -5\n"] min_timeout_sec: 0.1 max_timeout_sec: 180.0
Sending keys: ["grep -n '^>' /app/dense_ocr.txt | head -300\n"] min_timeout_sec: 0.1 max_timeout_sec: 180.0
Trajectory dumped to runs/harbor-v21/athena-extract-moves-advisorprobe-20260702T232756Z/extract-moves-from-video__aj9W5Vp/agent/trajectory.json
Sending keys: ["grep '^===' /app/dense_ocr.txt | tail -5; echo '---'; grep -n '^>' /app/dense_ocr.txt | sed -n '1,400p'\n"] min_timeout_sec: 0.1 max_timeout_sec: 180.0
Sending keys: ['mkdir -p /app/prompts && for f in /app/dense/frame_*.png; do b=$(basename "$f" .png); ffmpeg -hide_banner -loglevel error -y -i "$f" -vf "crop=900:32:5:585" "/app/prompts/${b}.png"; done\n'] min_timeout_sec: 10.0 max_timeout_sec: 180.0
Sending keys: ['ls /app/prompts | wc -l; tesseract /app/prompts/frame_0001.png stdout --psm 7 2>/dev/null; tesseract /app/prompts/frame_0061.png stdout --psm 7 2>/dev/null\n'] min_timeout_sec: 1.0 max_timeout_sec: 180.0
Trajectory dumped to runs/harbor-v21/athena-extract-moves-advisorprobe-20260702T232756Z/extract-moves-from-video__aj9W5Vp/agent/trajectory.json
Sending keys: ['\n'] min_timeout_sec: 10.0 max_timeout_sec: 180.0
Sending keys: ['ls /app/prompts | wc -l; tesseract /app/prompts/frame_0001.png stdout --psm 7 2>/dev/null; tesseract /app/prompts/frame_0061.png stdout --psm 7 2>/dev/null; tesseract /app/prompts/frame_0121.png stdout --psm 7 2>/dev/null\n'] min_timeout_sec: 1.0 max_timeout_sec: 180.0
Trajectory dumped to runs/harbor-v21/athena-extract-moves-advisorprobe-20260702T232756Z/extract-moves-from-video__aj9W5Vp/agent/trajectory.json
Parser warnings: - Command 1 should end with newline when followed by another command. Otherwise the two commands will be concatenated together on the same line.
Sending keys: ['C-c'] min_timeout_sec: 0.5 max_timeout_sec: 180.0
Sending keys: ['echo BACK; which convert; ls /app/prompts 2>/dev/null | wc -l\n'] min_timeout_sec: 0.1 max_timeout_sec: 180.0
Trajectory dumped to runs/harbor-v21/athena-extract-moves-advisorprobe-20260702T232756Z/extract-moves-from-video__aj9W5Vp/agent/trajectory.json
Sending keys: ['rm -rf /app/prompts2; mkdir -p /app/prompts2\n'] min_timeout_sec: 0.1 max_timeout_sec: 180.0
Sending keys: ['ffmpeg -nostdin -hide_banner -loglevel error -y -i /app/video.mp4 -vf "fps=2,crop=1000:45:115:645" /app/prompts2/frame_%04d.png\n'] min_timeout_sec: 5.0 max_timeout_sec: 180.0
Sending keys: ['ls /app/prompts2 | wc -l\n'] min_timeout_sec: 0.1 max_timeout_sec: 180.0
Sending keys: ['tesseract /app/prompts2/frame_0001.png stdout --psm 7 2>/dev/null; tesseract /app/prompts2/frame_0061.png stdout --psm 7 2>/dev/null; tesseract /app/prompts2/frame_0121.png stdout --psm 7 2>/dev/null\n'] min_timeout_sec: 1.0 max_timeout_sec: 180.0
Trajectory dumped to runs/harbor-v21/athena-extract-moves-advisorprobe-20260702T232756Z/extract-moves-from-video__aj9W5Vp/agent/trajectory.json
Sending keys: ['\n'] min_timeout_sec: 5.0 max_timeout_sec: 180.0
Sending keys: ['echo DONE_PROMPTS; ls /app/prompts2 | wc -l\n'] min_timeout_sec: 0.1 max_timeout_sec: 180.0
Sending keys: ['tesseract /app/prompts2/frame_0001.png stdout --psm 7 2>/dev/null; tesseract /app/prompts2/frame_0061.png stdout --psm 7 2>/dev/null; tesseract /app/prompts2/frame_0121.png stdout --psm 7 2>/dev/null\n'] min_timeout_sec: 1.0 max_timeout_sec: 180.0
Trajectory dumped to runs/harbor-v21/athena-extract-moves-advisorprobe-20260702T232756Z/extract-moves-from-video__aj9W5Vp/agent/trajectory.json
Sending keys: ['i=0; for f in /app/prompts2/frame_*.png; do i=$((i+1)); printf \'%04d \' "$i"; tesseract "$f" stdout --psm 7 2>/dev/null | tr \'\\n\' \' \'; echo; done > /app/prompt_ocr.txt\n'] min_timeout_sec: 30.0 max_timeout_sec: 180.0
Sending keys: ["wc -l /app/prompt_ocr.txt; sed -n '1,120p' /app/prompt_ocr.txt\n"] min_timeout_sec: 0.1 max_timeout_sec: 180.0
Trajectory dumped to runs/harbor-v21/athena-extract-moves-advisorprobe-20260702T232756Z/extract-moves-from-video__aj9W5Vp/agent/trajectory.json
Sending keys: ['\n'] min_timeout_sec: 30.0 max_timeout_sec: 180.0
Sending keys: ["echo DONE; wc -l /app/prompt_ocr.txt; sed -n '1,200p' /app/prompt_ocr.txt\n"] min_timeout_sec: 0.1 max_timeout_sec: 180.0
Trajectory dumped to runs/harbor-v21/athena-extract-moves-advisorprobe-20260702T232756Z/extract-moves-from-video__aj9W5Vp/agent/trajectory.json
Sending keys: ['\n'] min_timeout_sec: 30.0 max_timeout_sec: 180.0
Sending keys: ["echo DONE; wc -l /app/prompt_ocr.txt; sed -n '1,200p' /app/prompt_ocr.txt\n"] min_timeout_sec: 0.1 max_timeout_sec: 180.0
Trajectory dumped to runs/harbor-v21/athena-extract-moves-advisorprobe-20260702T232756Z/extract-moves-from-video__aj9W5Vp/agent/trajectory.json
Sending keys: ["wc -l /app/prompt_ocr.txt; sed -n '1,140p' /app/prompt_ocr.txt\n"] min_timeout_sec: 0.1 max_timeout_sec: 180.0
Sending keys: ["sed -n '141,280p' /app/prompt_ocr.txt\n"] min_timeout_sec: 0.1 max_timeout_sec: 180.0
Sending keys: ["sed -n '281,420p' /app/prompt_ocr.txt\n"] min_timeout_sec: 0.1 max_timeout_sec: 180.0
Trajectory dumped to runs/harbor-v21/athena-extract-moves-advisorprobe-20260702T232756Z/extract-moves-from-video__aj9W5Vp/agent/trajectory.json
Sending keys: ["cat -n /app/prompt_ocr.txt | sed -n '1,130p'\n"] min_timeout_sec: 0.1 max_timeout_sec: 180.0
Sending keys: ["cat -n /app/prompt_ocr.txt | sed -n '131,260p'\n"] min_timeout_sec: 0.1 max_timeout_sec: 180.0
Sending keys: ["cat -n /app/prompt_ocr.txt | sed -n '261,380p'\n"] min_timeout_sec: 0.1 max_timeout_sec: 180.0
Trajectory dumped to runs/harbor-v21/athena-extract-moves-advisorprobe-20260702T232756Z/extract-moves-from-video__aj9W5Vp/agent/trajectory.json
Sending keys: ["python3 - <<'PY'\nimport re\nlines=open('/app/prompt_ocr.txt').read().splitlines()\nents=[]\nfor i,l in enumerate(lines,1):\n    m=re.match(r'(\\d+)\\s+(.*)', l)\n    if not m:\n        continue\n    fr=int(m.group(1)); txt=m.group(2).strip()\n    ents.append((fr,txt))\ndef clean(t):\n    t=t.replace('_','').strip()\n    if t.startswith('>'):\n        t=t[1:].strip()\n    return t.strip()\ngroups=[]\ncur=[]\nfor fr,txt in ents:\n    if txt.startswith('>') and re.search(r'[A-Za-z]', txt):\n        cur.append((fr,txt,clean(txt)))\n    else:\n        if cur:\n            groups.append(cur); cur=[]\nif cur: groups.append(cur)\nprint('groups',len(groups))\nfor g in groups:\n    frs=[x[0] for x in g]\n    # pick longest cleaned text as candidate\n    longest=max(g,key=lambda x:len(x[2]))\n    print(f'[{frs[0]:04d}-{frs[-1]:04d}] candidate={longest[2]!r}')\n    print('   ',' | '.join(f'{fr}:{c!r}' for fr,raw,c in g))\nPY\n"] min_timeout_sec: 0.1 max_timeout_sec: 180.0
Trajectory dumped to runs/harbor-v21/athena-extract-moves-advisorprobe-20260702T232756Z/extract-moves-from-video__aj9W5Vp/agent/trajectory.json
Sending keys: ["python3 - <<'PY' > /app/prompt_groups.txt\nimport re\nlines=open('/app/prompt_ocr.txt').read().splitlines()\nents=[]\nfor i,l in enumerate(lines,1):\n    m=re.match(r'(\\d+)\\s+(.*)', l)\n    if not m: continue\n    fr=int(m.group(1)); txt=m.group(2).strip()\n    ents.append((fr,txt))\ndef clean(t):\n    t=t.replace('_','').strip()\n    if t.startswith('>'): t=t[1:].strip()\n    return t.strip()\ngroups=[]\ncur=[]\nlastfr=None\nfor fr,txt in ents:\n    if txt.startswith('>') and re.search(r'[A-Za-z]', txt):\n        if cur and lastfr is not None and fr-lastfr>3:\n            groups.append(cur); cur=[]\n        cur.append((fr,txt,clean(txt)))\n        lastfr=fr\n    else:\n        if cur:\n            groups.append(cur); cur=[]\n        lastfr=fr\nif cur: groups.append(cur)\nprint('groups',len(groups))\nfor g in groups:\n    frs=[x[0] for x in g]\n    longest=max(g,key=lambda x:len(x[2]))\n    print(f'[{frs[0]:04d}-{frs[-1]:04d}] candidate={longest[2]!r}')\n    print('   '+' | '.join(f'{fr}:{c!r}' for fr,raw,c in g))\nPY\n"] min_timeout_sec: 0.1 max_timeout_sec: 180.0
Sending keys: ["grep '^===' /app/dense_ocr.txt | tail -5; wc -l /app/prompt_groups.txt\n"] min_timeout_sec: 0.1 max_timeout_sec: 180.0
Sending keys: ["sed -n '1,220p' /app/prompt_groups.txt\n"] min_timeout_sec: 0.1 max_timeout_sec: 180.0
Trajectory dumped to runs/harbor-v21/athena-extract-moves-advisorprobe-20260702T232756Z/extract-moves-from-video__aj9W5Vp/agent/trajectory.json
Sending keys: ['echo CHECK\n'] min_timeout_sec: 0.1 max_timeout_sec: 180.0
Sending keys: ['ls -l /app/prompt_groups.txt /app/prompt_ocr.txt /app/dense_ocr.txt 2>/dev/null\n'] min_timeout_sec: 0.1 max_timeout_sec: 180.0
Sending keys: ["cat -n /app/prompt_groups.txt 2>/dev/null | sed -n '1,260p'\n"] min_timeout_sec: 0.1 max_timeout_sec: 180.0
Trajectory dumped to runs/harbor-v21/athena-extract-moves-advisorprobe-20260702T232756Z/extract-moves-from-video__aj9W5Vp/agent/trajectory.json
Sending keys: ["sed -n '1,160p' /app/prompt_groups.txt\n"] min_timeout_sec: 0.1 max_timeout_sec: 180.0
Sending keys: ["grep '^===' /app/dense_ocr.txt | tail -5; wc -l /app/dense_ocr.txt\n"] min_timeout_sec: 0.1 max_timeout_sec: 180.0
Sending keys: ['rm -rf /app/prompts6; mkdir -p /app/prompts6\n'] min_timeout_sec: 0.1 max_timeout_sec: 180.0
Sending keys: ['ffmpeg -nostdin -hide_banner -loglevel error -y -i /app/video.mp4 -vf "fps=6,crop=1000:45:115:645" /app/prompts6/frame_%04d.png\n'] min_timeout_sec: 10.0 max_timeout_sec: 180.0
Sending keys: ['ls /app/prompts6 | wc -l\n'] min_timeout_sec: 0.1 max_timeout_sec: 180.0
Trajectory dumped to runs/harbor-v21/athena-extract-moves-advisorprobe-20260702T232756Z/extract-moves-from-video__aj9W5Vp/agent/trajectory.json
Sending keys: ['\n'] min_timeout_sec: 10.0 max_timeout_sec: 180.0
Sending keys: ['echo DONE6; ls /app/prompts6 | wc -l\n'] min_timeout_sec: 0.1 max_timeout_sec: 180.0
Sending keys: ['for f in /app/prompts6/frame_0001.png /app/prompts6/frame_0183.png /app/prompts6/frame_0366.png /app/prompts6/frame_0732.png /app/prompts6/frame_1098.png; do echo "=== $f ==="; tesseract "$f" stdout --psm 7 2>/dev/null; done\n'] min_timeout_sec: 1.0 max_timeout_sec: 180.0
Trajectory dumped to runs/harbor-v21/athena-extract-moves-advisorprobe-20260702T232756Z/extract-moves-from-video__aj9W5Vp/agent/trajectory.json
Sending keys: ['\n'] min_timeout_sec: 3.0 max_timeout_sec: 180.0
Sending keys: ['echo SAMPLES_DONE\n'] min_timeout_sec: 0.1 max_timeout_sec: 180.0
Sending keys: ['i=0; for f in /app/prompts6/frame_*.png; do i=$((i+1)); printf \'%04d \' "$i"; tesseract "$f" stdout --psm 7 2>/dev/null | tr \'\\n\' \' \'; echo; done > /app/prompt_ocr6.txt\n'] min_timeout_sec: 60.0 max_timeout_sec: 180.0
Trajectory dumped to runs/harbor-v21/athena-extract-moves-advisorprobe-20260702T232756Z/extract-moves-from-video__aj9W5Vp/agent/trajectory.json
Sending keys: ['\n'] min_timeout_sec: 60.0 max_timeout_sec: 180.0
Sending keys: ["echo DONE; wc -l /app/prompt_ocr6.txt; sed -n '1,80p' /app/prompt_ocr6.txt\n"] min_timeout_sec: 0.1 max_timeout_sec: 180.0
Trajectory dumped to runs/harbor-v21/athena-extract-moves-advisorprobe-20260702T232756Z/extract-moves-from-video__aj9W5Vp/agent/trajectory.json
Sending keys: ['\n'] min_timeout_sec: 60.0 max_timeout_sec: 180.0
Sending keys: ["echo DONE; wc -l /app/prompt_ocr6.txt; sed -n '1,80p' /app/prompt_ocr6.txt\n"] min_timeout_sec: 0.1 max_timeout_sec: 180.0
Trajectory dumped to runs/harbor-v21/athena-extract-moves-advisorprobe-20260702T232756Z/extract-moves-from-video__aj9W5Vp/agent/trajectory.json
Sending keys: ['\n'] min_timeout_sec: 60.0 max_timeout_sec: 180.0
Sending keys: ["echo DONE; wc -l /app/prompt_ocr6.txt; sed -n '1,80p' /app/prompt_ocr6.txt\n"] min_timeout_sec: 0.1 max_timeout_sec: 180.0
Trajectory dumped to runs/harbor-v21/athena-extract-moves-advisorprobe-20260702T232756Z/extract-moves-from-video__aj9W5Vp/agent/trajectory.json
Sending keys: ['\n'] min_timeout_sec: 30.0 max_timeout_sec: 180.0
Sending keys: ['ls -l /app/prompt_ocr6.txt 2>/dev/null; wc -l /app/prompt_ocr6.txt 2>/dev/null; echo CHECK_DONE\n'] min_timeout_sec: 0.1 max_timeout_sec: 180.0
Trajectory dumped to runs/harbor-v21/athena-extract-moves-advisorprobe-20260702T232756Z/extract-moves-from-video__aj9W5Vp/agent/trajectory.json
Sending keys: ["cat -n /app/prompt_ocr6.txt | sed -n '1,200p'\n"] min_timeout_sec: 0.1 max_timeout_sec: 180.0
Sending keys: ["cat -n /app/prompt_ocr6.txt | sed -n '201,400p'\n"] min_timeout_sec: 0.1 max_timeout_sec: 180.0
Sending keys: ["cat -n /app/prompt_ocr6.txt | sed -n '401,600p'\n"] min_timeout_sec: 0.1 max_timeout_sec: 180.0
Sending keys: ["cat -n /app/prompt_ocr6.txt | sed -n '601,800p'\n"] min_timeout_sec: 0.1 max_timeout_sec: 180.0
Sending keys: ["cat -n /app/prompt_ocr6.txt | sed -n '801,1141p'\n"] min_timeout_sec: 0.1 max_timeout_sec: 180.0
Trajectory dumped to runs/harbor-v21/athena-extract-moves-advisorprobe-20260702T232756Z/extract-moves-from-video__aj9W5Vp/agent/trajectory.json
Sending keys: ["python3 - <<'PY' > /app/prompt6_groups.txt\nimport re\nlines=open('/app/prompt_ocr6.txt').read().splitlines()\nents=[]\nfor i,l in enumerate(lines,1):\n    m=re.match(r'(\\d+)\\s+(.*)', l)\n    if not m: continue\n    fr=int(m.group(1)); txt=m.group(2).strip()\n    ents.append((fr,txt))\n\ndef clean(t):\n    t=t.replace('_','').strip()\n    if t.startswith('>'): t=t[1:].strip()\n    # remove trailing cursor artifacts\n    t=t.rstrip('[]|').strip()\n    return t.strip()\n\ndef has_letter(t):\n    return bool(re.search(r'[A-Za-z]', t))\n\ngroups=[]\ncur=[]\nlastfr=None\nfor fr,txt in ents:\n    c=clean(txt)\n    if txt.startswith('>') and has_letter(c):\n        if cur and lastfr is not None and fr-lastfr>6:\n            groups.append(cur); cur=[]\n        cur.append((fr,txt,c))\n        lastfr=fr\n    else:\n        if cur:\n            groups.append(cur); cur=[]\n        lastfr=fr\nif cur: groups.append(cur)\n\nprint('groups',len(groups))\nfor idx,g in enumerate(groups,1):\n    frs=[x[0] for x in g]\n    longest=max(g,key=lambda x:len(x[2]))\n    print(f'{idx:03d} [{frs[0]:04d}-{frs[-1]:04d}] candidate={longest[2]!r}')\n    print('   '+' | '.join(f'{fr}:{c!r}' for fr,raw,c in g))\nPY\n"] min_timeout_sec: 0.1 max_timeout_sec: 180.0
Sending keys: ["wc -l /app/prompt6_groups.txt; sed -n '1,300p' /app/prompt6_groups.txt\n"] min_timeout_sec: 0.1 max_timeout_sec: 180.0
Sending keys: ["grep -n '^>' /app/dense_ocr.txt | sed -n '1,200p'\n"] min_timeout_sec: 0.1 max_timeout_sec: 180.0
Trajectory dumped to runs/harbor-v21/athena-extract-moves-advisorprobe-20260702T232756Z/extract-moves-from-video__aj9W5Vp/agent/trajectory.json
Sending keys: ["wc -l /app/prompt6_groups.txt; cat -n /app/prompt6_groups.txt | sed -n '1,200p'\n"] min_timeout_sec: 0.1 max_timeout_sec: 180.0
Sending keys: ["cat -n /app/prompt6_groups.txt | sed -n '201,420p'\n"] min_timeout_sec: 0.1 max_timeout_sec: 180.0
Sending keys: ["python3 - <<'PY'\nimport re\nlines=open('/app/prompt_ocr6.txt').read().splitlines()\nents=[]\nfor i,l in enumerate(lines,1):\n    m=re.match(r'(\\d+)\\s+(.*)', l)\n    if not m: continue\n    fr=int(m.group(1)); txt=m.group(2).strip()\n    ents.append((fr,txt))\ndef clean(t):\n    t=t.replace('_','').strip()\n    if t.startswith('>'): t=t[1:].strip()\n    return t.strip()\ndef has_letter(t):\n    return bool(re.search(r'[A-Za-z]', t))\ngroups=[]; cur=[]; lastfr=None\nfor fr,txt in ents:\n    c=clean(txt)\n    if txt.startswith('>') and has_letter(c):\n        if cur and lastfr is not None and fr-lastfr>6:\n            groups.append(cur); cur=[]\n        cur.append((fr,txt,c)); lastfr=fr\n    else:\n        if cur: groups.append(cur); cur=[]\n        lastfr=fr\nif cur: groups.append(cur)\nfor idx,g in enumerate(groups,1):\n    longest=max(g,key=lambda x:len(x[2]))\n    print(f'{idx:03d} {g[0][0]:04d}-{g[-1][0]:04d} {longest[2]}')\nPY\n"] min_timeout_sec: 0.1 max_timeout_sec: 180.0
Trajectory dumped to runs/harbor-v21/athena-extract-moves-advisorprobe-20260702T232756Z/extract-moves-from-video__aj9W5Vp/agent/trajectory.json
Sending keys: ["python3 - <<'PY'\nimport re\nlines=open('/app/prompt_ocr6.txt').read().splitlines()\nents=[]\nfor i,l in enumerate(lines,1):\n    m=re.match(r'(\\d+)\\s+(.*)', l)\n    if not m: continue\n    fr=int(m.group(1)); txt=m.group(2).strip()\n    ents.append((fr,txt))\ndef clean(t):\n    t=t.replace('_','').strip()\n    if t.startswith('>'): t=t[1:].strip()\n    return t.strip()\ndef has_letter(t):\n    return bool(re.search(r'[A-Za-z]', t))\ngroups=[]; cur=[]; lastfr=None\nfor fr,txt in ents:\n    c=clean(txt)\n    if txt.startswith('>') and has_letter(c):\n        if cur and lastfr is not None and fr-lastfr>6:\n            groups.append(cur); cur=[]\n        cur.append((fr,txt,c)); lastfr=fr\n    else:\n        if cur: groups.append(cur); cur=[]\n        lastfr=fr\nif cur: groups.append(cur)\nfor idx,g in enumerate(groups,1):\n    longest=max(g,key=lambda x:len(x[2]))\n    print(f'{idx:03d} {g[0][0]:04d}-{g[-1][0]:04d} {longest[2]}')\nPY\n"] min_timeout_sec: 0.1 max_timeout_sec: 180.0
Sending keys: ['rm -rf /app/status6; mkdir -p /app/status6\n'] min_timeout_sec: 0.1 max_timeout_sec: 180.0
Sending keys: ['ffmpeg -nostdin -hide_banner -loglevel error -y -i /app/video.mp4 -vf "fps=6,crop=600:30:115:12" /app/status6/frame_%04d.png\n'] min_timeout_sec: 10.0 max_timeout_sec: 180.0
Sending keys: ['ls /app/status6 | wc -l\n'] min_timeout_sec: 0.1 max_timeout_sec: 180.0
Trajectory dumped to runs/harbor-v21/athena-extract-moves-advisorprobe-20260702T232756Z/extract-moves-from-video__aj9W5Vp/agent/trajectory.json
Sending keys: ['\n'] min_timeout_sec: 10.0 max_timeout_sec: 180.0
Sending keys: ['echo DONE_STATUS; ls /app/status6 | wc -l\n'] min_timeout_sec: 0.1 max_timeout_sec: 180.0
Sending keys: ['for f in /app/status6/frame_0001.png /app/status6/frame_0183.png /app/status6/frame_0366.png /app/status6/frame_0732.png /app/status6/frame_1098.png; do echo "=== $f ==="; tesseract "$f" stdout --psm 7 2>/dev/null; done\n'] min_timeout_sec: 1.0 max_timeout_sec: 180.0
Trajectory dumped to runs/harbor-v21/athena-extract-moves-advisorprobe-20260702T232756Z/extract-moves-from-video__aj9W5Vp/agent/trajectory.json
Sending keys: ["tesseract /app/frames/sample_001.png stdout --psm 6 tsv 2>/dev/null | grep -i -E 'Score|Moves' | head -20\n"] min_timeout_sec: 1.0 max_timeout_sec: 180.0
Sending keys: ["tesseract /app/frames/sample_009.png stdout --psm 6 tsv 2>/dev/null | grep -i -E 'Score|Moves' | head -20\n"] min_timeout_sec: 1.0 max_timeout_sec: 180.0
Trajectory dumped to runs/harbor-v21/athena-extract-moves-advisorprobe-20260702T232756Z/extract-moves-from-video__aj9W5Vp/agent/trajectory.json
Sending keys: ['rm -rf /app/status6b; mkdir -p /app/status6b\n'] min_timeout_sec: 0.1 max_timeout_sec: 180.0
Sending keys: ['ffmpeg -nostdin -hide_banner -loglevel error -y -i /app/video.mp4 -vf "fps=6,crop=470:35:750:30" /app/status6b/frame_%04d.png\n'] min_timeout_sec: 10.0 max_timeout_sec: 180.0
Sending keys: ['ls /app/status6b | wc -l\n'] min_timeout_sec: 0.1 max_timeout_sec: 180.0
Sending keys: ['for f in /app/status6b/frame_0001.png /app/status6b/frame_0183.png /app/status6b/frame_0366.png /app/status6b/frame_0732.png /app/status6b/frame_1098.png; do echo "=== $f ==="; tesseract "$f" stdout --psm 7 2>/dev/null; done\n'] min_timeout_sec: 1.0 max_timeout_sec: 180.0
Trajectory dumped to runs/harbor-v21/athena-extract-moves-advisorprobe-20260702T232756Z/extract-moves-from-video__aj9W5Vp/agent/trajectory.json
Sending keys: ['\n'] min_timeout_sec: 10.0 max_timeout_sec: 180.0
Sending keys: ['echo STATUS_DONE; ls /app/status6b | wc -l\n'] min_timeout_sec: 0.1 max_timeout_sec: 180.0
Sending keys: ['for f in /app/status6b/frame_0001.png /app/status6b/frame_0183.png /app/status6b/frame_0366.png /app/status6b/frame_0732.png /app/status6b/frame_1098.png; do echo "=== $f ==="; tesseract "$f" stdout --psm 7 2>/dev/null; done\n'] min_timeout_sec: 1.0 max_timeout_sec: 180.0
Trajectory dumped to runs/harbor-v21/athena-extract-moves-advisorprobe-20260702T232756Z/extract-moves-from-video__aj9W5Vp/agent/trajectory.json
Trajectory dumped to runs/harbor-v21/athena-extract-moves-advisorprobe-20260702T232756Z/extract-moves-from-video__aj9W5Vp/agent/trajectory.json
Collecting main service artifacts
